// Jest Snapshot v1, https://goo.gl/fbAQLP

exports[`<Readme /> component should load the component in default state 1`] = `
{
  "asFragment": [Function],
  "baseElement": .emotion-0 {
  background-color: #fff;
  color: rgba(0, 0, 0, 0.87);
  -webkit-transition: box-shadow 300ms cubic-bezier(0.4, 0, 0.2, 1) 0ms;
  transition: box-shadow 300ms cubic-bezier(0.4, 0, 0.2, 1) 0ms;
  border-radius: 4px;
  box-shadow: 0px 2px 1px -1px rgba(0,0,0,0.2),0px 1px 1px 0px rgba(0,0,0,0.14),0px 1px 3px 0px rgba(0,0,0,0.12);
  background-image: unset;
  overflow: hidden;
  margin-bottom: 16px;
}

.emotion-1 {
  padding: 16px;
}

.emotion-1:last-child {
  padding-bottom: 24px;
}

.emotion-2 {
  margin: 16px;
}

.emotion-3 ul {
  list-style: disc;
}

.emotion-3 img {
  max-width: 100%;
}

<body>
    <div>
      <div
        class="MuiPaper-root MuiPaper-elevation MuiPaper-rounded MuiPaper-elevation1 MuiCard-root emotion-0"
      >
        <div
          class="MuiCardContent-root emotion-1"
        >
          <div
            class="MuiBox-root emotion-2"
            data-testid="readme"
          >
            <div
              class="markdown-body markdown-light emotion-3 emotion-4"
            >
              <p>
                test
              </p>
              

            </div>
          </div>
        </div>
      </div>
    </div>
  </body>,
  "container": .emotion-0 {
  background-color: #fff;
  color: rgba(0, 0, 0, 0.87);
  -webkit-transition: box-shadow 300ms cubic-bezier(0.4, 0, 0.2, 1) 0ms;
  transition: box-shadow 300ms cubic-bezier(0.4, 0, 0.2, 1) 0ms;
  border-radius: 4px;
  box-shadow: 0px 2px 1px -1px rgba(0,0,0,0.2),0px 1px 1px 0px rgba(0,0,0,0.14),0px 1px 3px 0px rgba(0,0,0,0.12);
  background-image: unset;
  overflow: hidden;
  margin-bottom: 16px;
}

.emotion-1 {
  padding: 16px;
}

.emotion-1:last-child {
  padding-bottom: 24px;
}

.emotion-2 {
  margin: 16px;
}

.emotion-3 ul {
  list-style: disc;
}

.emotion-3 img {
  max-width: 100%;
}

<div>
    <div
      class="MuiPaper-root MuiPaper-elevation MuiPaper-rounded MuiPaper-elevation1 MuiCard-root emotion-0"
    >
      <div
        class="MuiCardContent-root emotion-1"
      >
        <div
          class="MuiBox-root emotion-2"
          data-testid="readme"
        >
          <div
            class="markdown-body markdown-light emotion-3 emotion-4"
          >
            <p>
              test
            </p>
            

          </div>
        </div>
      </div>
    </div>
  </div>,
  "debug": [Function],
  "findAllByAltText": [Function],
  "findAllByDisplayValue": [Function],
  "findAllByLabelText": [Function],
  "findAllByPlaceholderText": [Function],
  "findAllByRole": [Function],
  "findAllByTestId": [Function],
  "findAllByText": [Function],
  "findAllByTitle": [Function],
  "findByAltText": [Function],
  "findByDisplayValue": [Function],
  "findByLabelText": [Function],
  "findByPlaceholderText": [Function],
  "findByRole": [Function],
  "findByTestId": [Function],
  "findByText": [Function],
  "findByTitle": [Function],
  "getAllByAltText": [Function],
  "getAllByDisplayValue": [Function],
  "getAllByLabelText": [Function],
  "getAllByPlaceholderText": [Function],
  "getAllByRole": [Function],
  "getAllByTestId": [Function],
  "getAllByText": [Function],
  "getAllByTitle": [Function],
  "getByAltText": [Function],
  "getByDisplayValue": [Function],
  "getByLabelText": [Function],
  "getByPlaceholderText": [Function],
  "getByRole": [Function],
  "getByTestId": [Function],
  "getByText": [Function],
  "getByTitle": [Function],
  "queryAllByAltText": [Function],
  "queryAllByDisplayValue": [Function],
  "queryAllByLabelText": [Function],
  "queryAllByPlaceholderText": [Function],
  "queryAllByRole": [Function],
  "queryAllByTestId": [Function],
  "queryAllByText": [Function],
  "queryAllByTitle": [Function],
  "queryByAltText": [Function],
  "queryByDisplayValue": [Function],
  "queryByLabelText": [Function],
  "queryByPlaceholderText": [Function],
  "queryByRole": [Function],
  "queryByTestId": [Function],
  "queryByText": [Function],
  "queryByTitle": [Function],
  "rerender": [Function],
  "unmount": [Function],
}
`;
