// Vitest Snapshot v1, https://vitest.dev/guide/snapshot.html

exports[`<LoginDialog /> component > should render the component in default state 1`] = `null`;
