// Vitest Snapshot v1, https://vitest.dev/guide/snapshot.html

exports[`<Repository /> component > should load the component in default state 1`] = `null`;
