// Vitest Snapshot v1, https://vitest.dev/guide/snapshot.html

exports[`<NoItem /> component > should load the component in default state 1`] = `
<div
  class="MuiPaper-root MuiPaper-elevation MuiPaper-rounded MuiPaper-elevation0 MuiAlert-root MuiAlert-colorInfo MuiAlert-standardInfo MuiAlert-standard makeStyles-MuiPaper-root-MuiAlert-root"
  role="alert"
>
  <div
    class="MuiAlert-icon makeStyles-MuiAlert-icon"
  >
    <svg
      aria-hidden="true"
      class="MuiSvgIcon-root MuiSvgIcon-fontSizeInherit makeStyles-MuiSvgIcon-root"
      data-testid="InfoOutlinedIcon"
      focusable="false"
      viewBox="0 0 24 24"
    >
      <path
        d="M11,9H13V7H11M12,20C7.59,20 4,16.41 4,12C4,7.59 7.59,4 12,4C16.41,4 20,7.59 20, 12C20,16.41 16.41,20 12,20M12,2A10,10 0 0,0 2,12A10,10 0 0,0 12,22A10,10 0 0,0 22,12A10, 10 0 0,0 12,2M11,17H13V11H11V17Z"
      />
    </svg>
  </div>
  <div
    class="MuiAlert-message makeStyles-MuiAlert-message"
  >
    <p
      class="MuiTypography-root MuiTypography-body1 makeStyles-MuiTypography-root"
    >
      test
    </p>
  </div>
</div>
`;
