// Vitest Snapshot v1, https://vitest.dev/guide/snapshot.html

exports[`Config builder > should create a configuration file as yaml 1`] = `
"uplinks:
  upstream:
    url: https://registry.verdaccio.org
  upstream2:
    url: https://registry.verdaccio.org
packages:
  upstream/*:
    access: public
    publish: foo, bar
    unpublish: foo, bar
    proxy: some
security:
  api:
    legacy: true
log:
  level: info
  type: stdout
  format: json
storage: /tmp/verdaccio
"
`;
