// Jest Snapshot v1, https://goo.gl/fbAQLP

exports[`<PackageSidebar /> : <Dependencies /> should load the package and match snapshot 1`] = `"<div class=\\"module dependenciesModule\\"><h2 class=\\"moduleTitle\\">Dependencies</h2><div><ul><li title=\\"Depend on version: 0.0.3\\"><a href=\\"nullblank/#/detail/@verdaccio/file-locking\\">@verdaccio/file-locking</a><span>, </span></li><li title=\\"Depend on version: 0.0.2\\"><a href=\\"nullblank/#/detail/@verdaccio/streams\\">@verdaccio/streams</a><span>, </span></li><li title=\\"Depend on version: ^1.1.1\\"><a href=\\"nullblank/#/detail/JSONStream\\">JSONStream</a><span>, </span></li><li title=\\"Depend on version: ^1.1.2\\"><a href=\\"nullblank/#/detail/apache-md5\\">apache-md5</a><span>, </span></li><li title=\\"Depend on version: ^2.0.1\\"><a href=\\"nullblank/#/detail/async\\">async</a><span>, </span></li><li title=\\"Depend on version: ^1.15.0\\"><a href=\\"nullblank/#/detail/body-parser\\">body-parser</a><span>, </span></li><li title=\\"Depend on version: ^1.8.0\\"><a href=\\"nullblank/#/detail/bunyan\\">bunyan</a><span>, </span></li><li title=\\"Depend on version: ^2.0.1\\"><a href=\\"nullblank/#/detail/chalk\\">chalk</a><span>, </span></li><li title=\\"Depend on version: ^2.11.0\\"><a href=\\"nullblank/#/detail/commander\\">commander</a><span>, </span></li><li title=\\"Depend on version: 1.6.2\\"><a href=\\"nullblank/#/detail/compression\\">compression</a><span>, </span></li><li title=\\"Depend on version: ^0.7.0\\"><a href=\\"nullblank/#/detail/cookies\\">cookies</a><span>, </span></li><li title=\\"Depend on version: ^2.8.3\\"><a href=\\"nullblank/#/detail/cors\\">cors</a><span>, </span></li><li title=\\"Depend on version: 4.15.3\\"><a href=\\"nullblank/#/detail/express\\">express</a><span>, </span></li><li title=\\"Depend on version: ^4.3.2\\"><a href=\\"nullblank/#/detail/global\\">global</a><span>, </span></li><li title=\\"Depend on version: 4.0.5\\"><a href=\\"nullblank/#/detail/handlebars\\">handlebars</a><span>, </span></li><li title=\\"Depend on version: ^1.4.0\\"><a href=\\"nullblank/#/detail/http-errors\\">http-errors</a><span>, </span></li><li title=\\"Depend on version: 1.0.1\\"><a href=\\"nullblank/#/detail/js-string-escape\\">js-string-escape</a><span>, </span></li><li title=\\"Depend on version: ^3.6.0\\"><a href=\\"nullblank/#/detail/js-yaml\\">js-yaml</a><span>, </span></li><li title=\\"Depend on version: ^7.4.1\\"><a href=\\"nullblank/#/detail/jsonwebtoken\\">jsonwebtoken</a><span>, </span></li><li title=\\"Depend on version: ^1.0.1\\"><a href=\\"nullblank/#/detail/lockfile\\">lockfile</a><span>, </span></li><li title=\\"Depend on version: 4.17.4\\"><a href=\\"nullblank/#/detail/lodash\\">lodash</a><span>, </span></li><li title=\\"Depend on version: ^0.7.0\\"><a href=\\"nullblank/#/detail/lunr\\">lunr</a><span>, </span></li><li title=\\"Depend on version: 0.3.6\\"><a href=\\"nullblank/#/detail/marked\\">marked</a><span>, </span></li><li title=\\"Depend on version: ^1.3.6\\"><a href=\\"nullblank/#/detail/mime\\">mime</a><span>, </span></li><li title=\\"Depend on version: ^3.0.2\\"><a href=\\"nullblank/#/detail/minimatch\\">minimatch</a><span>, </span></li><li title=\\"Depend on version: ^0.5.1\\"><a href=\\"nullblank/#/detail/mkdirp\\">mkdirp</a><span>, </span></li><li title=\\"Depend on version: ^0.4.0\\"><a href=\\"nullblank/#/detail/pkginfo\\">pkginfo</a><span>, </span></li><li title=\\"Depend on version: ^2.72.0\\"><a href=\\"nullblank/#/detail/request\\">request</a><span>, </span></li><li title=\\"Depend on version: ^5.1.0\\"><a href=\\"nullblank/#/detail/semver\\">semver</a><span>, </span></li><li title=\\"Depend on version: ^1.0.0\\"><a href=\\"nullblank/#/detail/unix-crypt-td-js\\">unix-crypt-td-js</a></li></ul></div></div>"`;
