// Jest Snapshot v1, https://goo.gl/fbAQLP

exports[`<PackageSidebar /> component should load the packageMeta 1`] = `"<aside>Loading package information...</aside>"`;
