// Vitest Snapshot v1, https://vitest.dev/guide/snapshot.html

exports[`DetailContainer > renders correctly 1`] = `
<div
  class="MuiBox-root"
>
  <div
    class="MuiTabs-root e1g9ee4l0 makeStyles-MuiTabs-root-Tabs"
  >
    <div
      class="MuiTabs-scroller MuiTabs-fixed makeStyles-MuiTabs-scroller"
      style="overflow: hidden; margin-bottom: 0px;"
    >
      <div
        class="MuiTabs-flexContainer makeStyles-MuiTabs-flexContainer"
        role="tablist"
      >
        <button
          aria-selected="true"
          class="MuiButtonBase-root MuiTab-root MuiTab-textColorPrimary MuiTab-fullWidth Mui-selected makeStyles-MuiButtonBase-root-MuiTab-root"
          data-testid="readme-tab"
          id="readme-tab"
          role="tab"
          tabindex="0"
          type="button"
        >
          tab.readme
          <span
            class="MuiTouchRipple-root makeStyles-MuiTouchRipple-root"
          />
        </button>
        <button
          aria-selected="false"
          class="MuiButtonBase-root MuiTab-root MuiTab-textColorPrimary MuiTab-fullWidth makeStyles-MuiButtonBase-root-MuiTab-root"
          data-testid="dependencies-tab"
          id="dependencies-tab"
          role="tab"
          tabindex="-1"
          type="button"
        >
          tab.dependencies
          <span
            class="MuiTouchRipple-root makeStyles-MuiTouchRipple-root"
          />
        </button>
        <button
          aria-selected="false"
          class="MuiButtonBase-root MuiTab-root MuiTab-textColorPrimary MuiTab-fullWidth makeStyles-MuiButtonBase-root-MuiTab-root"
          data-testid="versions-tab"
          id="versions-tab"
          role="tab"
          tabindex="-1"
          type="button"
        >
          tab.versions
          <span
            class="MuiTouchRipple-root makeStyles-MuiTouchRipple-root"
          />
        </button>
        <button
          aria-selected="false"
          class="MuiButtonBase-root MuiTab-root MuiTab-textColorPrimary MuiTab-fullWidth makeStyles-MuiButtonBase-root-MuiTab-root"
          data-testid="uplinks-tab"
          id="uplinks-tab"
          role="tab"
          tabindex="-1"
          type="button"
        >
          tab.uplinks
          <span
            class="MuiTouchRipple-root makeStyles-MuiTouchRipple-root"
          />
        </button>
      </div>
      <span
        class="MuiTabs-indicator makeStyles-MuiTabs-indicator"
        style="left: 0px; width: 0px;"
      />
    </div>
  </div>
</div>
`;
