// Jest Snapshot v1, https://goo.gl/fbAQLP

exports[`<Header /> component shallow should load header component in login state 1`] = `"<header class=\\"header\\"><div class=\\"headerWrap\\"><a href=\\"http://localhost/#/\\"><img src=\\"logo.png\\" class=\\"logo\\"/></a><figure>npm set scope:registry http://localhost<br/>npm adduser --registry http://localhost</figure><div class=\\"headerRight\\"><div class=\\"user-logged\\"><span class=\\"user-logged-greetings usernameField\\">Hi, Verdaccio</span><button class=\\"el-button el-button--danger headerButton header-button-logout\\" type=\\"button\\"><span>Logout</span></button></div></div></div></header>"`;

exports[`<Header /> component shallow should load header component in logout state 1`] = `"<header class=\\"header\\"><div class=\\"headerWrap\\"><a href=\\"http://localhost/#/\\"><img src=\\"logo.png\\" class=\\"logo\\"/></a><figure>npm set scope:registry http://localhost<br/>npm adduser --registry http://localhost</figure><div class=\\"headerRight\\"><button class=\\"el-button el-button--default headerButton header-button-login\\" type=\\"button\\"><span>Login</span></button></div></div></header>"`;
