// Jest Snapshot v1, https://goo.gl/fbAQLP

exports[`<Help /> component should render the component in default state 1`] = `"<div class=\\"MuiPaper-root-2 MuiPaper-elevation1-5 MuiPaper-rounded-3 MuiCard-root-1 css-ryznli e1vnhvvu0\\" id=\\"help-card\\"><div class=\\"MuiCardContent-root-29\\"><h2 class=\\"MuiTypography-root-30 MuiTypography-headline-35 MuiTypography-gutterBottom-48\\" id=\\"help-card__title\\">No Package Published Yet.</h2><p class=\\"MuiTypography-root-30 MuiTypography-body1-39 MuiTypography-colorTextSecondary-54 MuiTypography-gutterBottom-48 css-zg2fwz e1vnhvvu1\\">To publish your first package just:</p><aside class=\\"MuiTypography-root-30 MuiTypography-body2-38\\">1. Login</aside><p class=\\"css-1a0lalv eduq2bv0\\"><span class=\\"css-1m8aenu eduq2bv1\\">$ npm adduser --registry http://localhost</span><button tabindex=\\"0\\" class=\\"MuiButtonBase-root-69 MuiIconButton-root-63 css-56v3u0 eduq2bv2\\" type=\\"button\\" title=\\"Copy to Clipboard\\"><span class=\\"MuiIconButton-label-68\\"><svg class=\\"MuiSvgIcon-root-72\\" focusable=\\"false\\" viewBox=\\"0 0 24 24\\" aria-hidden=\\"true\\" role=\\"presentation\\"><path fill=\\"none\\" d=\\"M0 0h24v24H0z\\"></path><path d=\\"M16 1H4c-1.1 0-2 .9-2 2v14h2V3h12V1zm-1 4l6 6v10c0 1.1-.9 2-2 2H7.99C6.89 23 6 22.1 6 21l.01-14c0-1.1.89-2 1.99-2h7zm-1 7h5.5L14 6.5V12z\\"></path></svg></span><span class=\\"MuiTouchRipple-root-81\\"></span></button></p><aside class=\\"MuiTypography-root-30 MuiTypography-body2-38\\">2. Publish</aside><p class=\\"css-1a0lalv eduq2bv0\\"><span class=\\"css-1m8aenu eduq2bv1\\">$ npm publish --registry http://localhost</span><button tabindex=\\"0\\" class=\\"MuiButtonBase-root-69 MuiIconButton-root-63 css-56v3u0 eduq2bv2\\" type=\\"button\\" title=\\"Copy to Clipboard\\"><span class=\\"MuiIconButton-label-68\\"><svg class=\\"MuiSvgIcon-root-72\\" focusable=\\"false\\" viewBox=\\"0 0 24 24\\" aria-hidden=\\"true\\" role=\\"presentation\\"><path fill=\\"none\\" d=\\"M0 0h24v24H0z\\"></path><path d=\\"M16 1H4c-1.1 0-2 .9-2 2v14h2V3h12V1zm-1 4l6 6v10c0 1.1-.9 2-2 2H7.99C6.89 23 6 22.1 6 21l.01-14c0-1.1.89-2 1.99-2h7zm-1 7h5.5L14 6.5V12z\\"></path></svg></span><span class=\\"MuiTouchRipple-root-81\\"></span></button></p><aside class=\\"MuiTypography-root-30 MuiTypography-body2-38\\">3. Refresh this page.</aside></div><div class=\\"MuiCardActions-root-88\\"><a tabindex=\\"0\\" class=\\"MuiButtonBase-root-69 MuiButton-root-90 MuiButton-text-92 MuiButton-textPrimary-93 MuiButton-flat-95 MuiButton-flatPrimary-96 MuiButton-sizeSmall-113 MuiCardActions-action-89\\" role=\\"button\\" href=\\"https://verdaccio.org/docs/en/installation\\" target=\\"_blank\\"><span class=\\"MuiButton-label-91\\">Learn More</span><span class=\\"MuiTouchRipple-root-81\\"></span></a></div></div>"`;
