// Jest Snapshot v1, https://goo.gl/fbAQLP

exports[`<LoginModal /> should load the component in default state 1`] = `"<div class=\\"MuiModal-root-13 MuiDialog-root-1 MuiDialog-scrollPaper-2\\" role=\\"dialog\\" id=\\"login--form-container\\" aria-labelledby=\\"login-dialog\\"><div class=\\"MuiBackdrop-root-15\\" aria-hidden=\\"true\\" style=\\"opacity: 1; -webkit-transition: opacity 225ms cubic-bezier(0.4, 0, 0.2, 1) 0ms;\\"></div><div class=\\"MuiPaper-root-17 MuiPaper-elevation24-43 MuiPaper-rounded-18 MuiDialog-paper-4 MuiDialog-paperScrollPaper-5 MuiDialog-paperWidthXs-7 MuiDialog-paperFullWidth-11\\" style=\\"opacity: 1; -webkit-transition: opacity 225ms cubic-bezier(0.4, 0, 0.2, 1) 0ms;\\" role=\\"document\\" tabindex=\\"-1\\"><div class=\\"MuiDialogTitle-root-44\\"><h2 class=\\"MuiTypography-root-45 MuiTypography-title-51\\">Login</h2></div><div class=\\"MuiDialogContent-root-71\\"><div class=\\"MuiFormControl-root-72 MuiFormControl-fullWidth-75\\" aria-describedby=\\"username\\"><label class=\\"MuiFormLabel-root-83 MuiFormLabel-required-88 MuiInputLabel-root-76 MuiInputLabel-formControl-77 MuiInputLabel-animated-80\\" data-shrink=\\"false\\" for=\\"username\\">Username<span class=\\"MuiFormLabel-asterisk-89\\"> *</span></label><div class=\\"MuiInputBase-root-103 MuiInput-root-90 MuiInput-underline-94 MuiInputBase-formControl-104 MuiInput-formControl-91\\"><input aria-invalid=\\"false\\" class=\\"MuiInputBase-input-113 MuiInput-input-98\\" id=\\"login--form-username\\" placeholder=\\"Your username\\" required=\\"\\" type=\\"text\\" value=\\"\\"></div></div><div class=\\"MuiFormControl-root-72 MuiFormControl-fullWidth-75\\" aria-describedby=\\"password\\" style=\\"margin-top: 8px;\\"><label class=\\"MuiFormLabel-root-83 MuiFormLabel-required-88 MuiInputLabel-root-76 MuiInputLabel-formControl-77 MuiInputLabel-animated-80\\" data-shrink=\\"false\\" for=\\"password\\">Password<span class=\\"MuiFormLabel-asterisk-89\\"> *</span></label><div class=\\"MuiInputBase-root-103 MuiInput-root-90 MuiInput-underline-94 MuiInputBase-formControl-104 MuiInput-formControl-91\\"><input aria-invalid=\\"false\\" class=\\"MuiInputBase-input-113 MuiInput-input-98 MuiInputBase-inputType-116 MuiInput-inputType-101\\" id=\\"login--form-password\\" placeholder=\\"Your strong password\\" required=\\"\\" type=\\"password\\" value=\\"\\"></div></div></div><div class=\\"MuiDialogActions-root-120 dialog-footer\\"><button tabindex=\\"0\\" class=\\"MuiButtonBase-root-148 MuiButton-root-122 MuiButton-text-124 MuiButton-flat-127 MuiButton-colorInherit-143 MuiDialogActions-action-121\\" type=\\"button\\" id=\\"login--form-cancel\\"><span class=\\"MuiButton-label-123\\">Cancel</span><span class=\\"MuiTouchRipple-root-151\\"></span></button><button tabindex=\\"0\\" class=\\"MuiButtonBase-root-148 MuiButton-root-122 MuiButton-text-124 MuiButton-flat-127 MuiButton-colorInherit-143 MuiDialogActions-action-121\\" type=\\"button\\" id=\\"login--form-submit\\"><span class=\\"MuiButton-label-123\\">Login</span><span class=\\"MuiTouchRipple-root-151\\"></span></button></div></div></div>"`;

exports[`<LoginModal /> should load the component with props 1`] = `"<div class=\\"MuiModal-root-13 MuiDialog-root-1 MuiDialog-scrollPaper-2\\" role=\\"dialog\\" id=\\"login--form-container\\" aria-labelledby=\\"login-dialog\\"><div class=\\"MuiBackdrop-root-15\\" aria-hidden=\\"true\\" style=\\"opacity: 1; -webkit-transition: opacity 225ms cubic-bezier(0.4, 0, 0.2, 1) 0ms;\\"></div><div class=\\"MuiPaper-root-17 MuiPaper-elevation24-43 MuiPaper-rounded-18 MuiDialog-paper-4 MuiDialog-paperScrollPaper-5 MuiDialog-paperWidthXs-7 MuiDialog-paperFullWidth-11\\" style=\\"opacity: 1; -webkit-transition: opacity 225ms cubic-bezier(0.4, 0, 0.2, 1) 0ms;\\" role=\\"document\\" tabindex=\\"-1\\"><div class=\\"MuiDialogTitle-root-44\\"><h2 class=\\"MuiTypography-root-45 MuiTypography-title-51\\">Login</h2></div><div class=\\"MuiDialogContent-root-71\\"><div class=\\"MuiTypography-root-45 MuiTypography-body1-54 MuiPaper-root-17 MuiPaper-elevation6-25 MuiSnackbarContent-root-158 loginError\\" role=\\"alertdialog\\" aria-describedby=\\"client-snackbar\\"><div class=\\"MuiSnackbarContent-message-159\\"><div id=\\"client-snackbar\\" class=\\"loginErrorMsg\\"><svg class=\\"MuiSvgIcon-root-161 loginIcon\\" focusable=\\"false\\" viewBox=\\"0 0 24 24\\" aria-hidden=\\"true\\" role=\\"presentation\\"><path fill=\\"none\\" d=\\"M0 0h24v24H0z\\"></path><path d=\\"M12 2C6.48 2 2 6.48 2 12s4.48 10 10 10 10-4.48 10-10S17.52 2 12 2zm1 15h-2v-2h2v2zm0-4h-2V7h2v6z\\"></path></svg><span><div><strong>Error Title</strong></div><div>Error Description</div></span></div></div></div><div class=\\"MuiFormControl-root-72 MuiFormControl-fullWidth-75\\" aria-describedby=\\"username\\"><label class=\\"MuiFormLabel-root-83 MuiFormLabel-required-88 MuiInputLabel-root-76 MuiInputLabel-formControl-77 MuiInputLabel-animated-80\\" data-shrink=\\"false\\" for=\\"username\\">Username<span class=\\"MuiFormLabel-asterisk-89\\"> *</span></label><div class=\\"MuiInputBase-root-103 MuiInput-root-90 MuiInput-underline-94 MuiInputBase-formControl-104 MuiInput-formControl-91\\"><input aria-invalid=\\"false\\" class=\\"MuiInputBase-input-113 MuiInput-input-98\\" id=\\"login--form-username\\" placeholder=\\"Your username\\" required=\\"\\" type=\\"text\\" value=\\"\\"></div></div><div class=\\"MuiFormControl-root-72 MuiFormControl-fullWidth-75\\" aria-describedby=\\"password\\" style=\\"margin-top: 8px;\\"><label class=\\"MuiFormLabel-root-83 MuiFormLabel-required-88 MuiInputLabel-root-76 MuiInputLabel-formControl-77 MuiInputLabel-animated-80\\" data-shrink=\\"false\\" for=\\"password\\">Password<span class=\\"MuiFormLabel-asterisk-89\\"> *</span></label><div class=\\"MuiInputBase-root-103 MuiInput-root-90 MuiInput-underline-94 MuiInputBase-formControl-104 MuiInput-formControl-91\\"><input aria-invalid=\\"false\\" class=\\"MuiInputBase-input-113 MuiInput-input-98 MuiInputBase-inputType-116 MuiInput-inputType-101\\" id=\\"login--form-password\\" placeholder=\\"Your strong password\\" required=\\"\\" type=\\"password\\" value=\\"\\"></div></div></div><div class=\\"MuiDialogActions-root-120 dialog-footer\\"><button tabindex=\\"0\\" class=\\"MuiButtonBase-root-148 MuiButton-root-122 MuiButton-text-124 MuiButton-flat-127 MuiButton-colorInherit-143 MuiDialogActions-action-121\\" type=\\"button\\" id=\\"login--form-cancel\\"><span class=\\"MuiButton-label-123\\">Cancel</span><span class=\\"MuiTouchRipple-root-151\\"></span></button><button tabindex=\\"0\\" class=\\"MuiButtonBase-root-148 MuiButton-root-122 MuiButton-text-124 MuiButton-flat-127 MuiButton-colorInherit-143 MuiDialogActions-action-121\\" type=\\"button\\" id=\\"login--form-submit\\"><span class=\\"MuiButton-label-123\\">Login</span><span class=\\"MuiTouchRipple-root-151\\"></span></button></div></div></div>"`;
