// Jest Snapshot v1, https://goo.gl/fbAQLP

exports[`<Package /> component should load the component 1`] = `"<section class=\\"package\\"><a href=\\"detail/verdaccio\\"><div class=\\"header\\"><div class=\\"title\\"><h1>verdaccio <div role=\\"button\\" class=\\"MuiChip-root-1\\" tabindex=\\"-1\\"><span class=\\"MuiChip-label-20\\">v1.0.0</span></div></h1></div><div role=\\"author\\" class=\\"author\\">By: Sam</div></div><div class=\\"footer\\"><p class=\\"description\\">Private NPM repository</p></div><div class=\\"tags\\"></div><div class=\\"details\\"><div class=\\"homepage\\">Published about 1 month ago</div><div class=\\"license\\">MIT</div></div></a></section>"`;

exports[`<Package /> component should load the component without author 1`] = `"<section class=\\"package\\"><a href=\\"detail/verdaccio\\"><div class=\\"header\\"><div class=\\"title\\"><h1>verdaccio <div role=\\"button\\" class=\\"MuiChip-root-1\\" tabindex=\\"-1\\"><span class=\\"MuiChip-label-20\\">v1.0.0</span></div></h1></div><div role=\\"author\\" class=\\"author\\"></div></div><div class=\\"footer\\"><p class=\\"description\\">Private NPM repository</p></div><div class=\\"tags\\"></div><div class=\\"details\\"><div class=\\"homepage\\">Published about 1 month ago</div><div class=\\"license\\">MIT</div></div></a></section>"`;
