// Jest Snapshot v1, https://goo.gl/fbAQLP

exports[`<PackageList /> component should load the component with packages 1`] = `"<div class=\\"package-list-items\\"><div class=\\"pkgContainer\\"><ul class=\\"MuiList-root-128 MuiList-padding-129 package css-jpnf4t e11fsc2k10\\"><li class=\\"MuiListItem-root-132 MuiListItem-default-135 MuiListItem-gutters-140 MuiListItem-alignItemsFlexStart-137\\"><div class=\\"MuiListItemText-root-144 package-link css-9dxxs7 e11fsc2k14\\" component=\\"div\\"><span class=\\"MuiTypography-root-30 MuiTypography-subheading-37 MuiListItemText-primary-147\\"><div class=\\"MuiGrid-container-150 MuiGrid-item-151 MuiGrid-grid-xs-12-190\\"><div class=\\"MuiGrid-item-151 MuiGrid-grid-xs-true-178\\"><a class=\\"css-1jgqs7g e11fsc2k7\\" href=\\"/-/web/detail/verdaccio\\"><span class=\\"css-10n8p5f e11fsc2k8\\">verdaccio</span></a></div><div class=\\"MuiGrid-item-151 MuiGrid-grid-xs-true-178 css-s168sa e11fsc2k9\\"></div></div></span><p class=\\"MuiTypography-root-30 MuiTypography-body1-39 MuiTypography-colorTextSecondary-63 MuiListItemText-secondary-148\\"><span class=\\"MuiTypography-root-30 MuiTypography-body1-39 css-zd063h e11fsc2k15\\">Private NPM repository</span></p></div></li><li class=\\"MuiListItem-root-132 MuiListItem-default-135 MuiListItem-gutters-140 MuiListItem-alignItemsFlexStart-137 css-11vba5x e11fsc2k13\\"><div class=\\"css-15496ft e11fsc2k5\\"><div class=\\"MuiAvatar-root-247 css-16dqgrp e11fsc2k6\\"><img alt=\\"Sam\\" src=\\"test avatar\\" class=\\"MuiAvatar-img-249\\"></div><span class=\\"css-eazh50 e11fsc2k4\\"><div class=\\"e11fsc2k3 css-16bvijn e1pneb170\\">Sam</div></span></div><span class=\\"css-1rxy2wf e11fsc2k0\\"><svg class=\\"e11fsc2k1 css-pqdkph ej4jd2o0\\"><title>Version</title><use xlink:href=\\"[object Object]#version\\"></use></svg>v1.0.0</span><span class=\\"css-1rxy2wf e11fsc2k0\\"><svg class=\\"e11fsc2k1 css-pqdkph ej4jd2o0\\"><title>Time</title><use xlink:href=\\"[object Object]#time\\"></use></svg><span class=\\"css-1dp07e1 e11fsc2k2\\">Published on 21.07.2018, 22:11:12 •</span>8 months ago</span></li></ul><hr class=\\"MuiDivider-root-250\\"><ul class=\\"MuiList-root-128 MuiList-padding-129 package css-jpnf4t e11fsc2k10\\"><li class=\\"MuiListItem-root-132 MuiListItem-default-135 MuiListItem-gutters-140 MuiListItem-alignItemsFlexStart-137\\"><div class=\\"MuiListItemText-root-144 package-link css-9dxxs7 e11fsc2k14\\" component=\\"div\\"><span class=\\"MuiTypography-root-30 MuiTypography-subheading-37 MuiListItemText-primary-147\\"><div class=\\"MuiGrid-container-150 MuiGrid-item-151 MuiGrid-grid-xs-12-190\\"><div class=\\"MuiGrid-item-151 MuiGrid-grid-xs-true-178\\"><a class=\\"css-1jgqs7g e11fsc2k7\\" href=\\"/-/web/detail/abc\\"><span class=\\"css-10n8p5f e11fsc2k8\\">abc</span></a></div><div class=\\"MuiGrid-item-151 MuiGrid-grid-xs-true-178 css-s168sa e11fsc2k9\\"></div></div></span><p class=\\"MuiTypography-root-30 MuiTypography-body1-39 MuiTypography-colorTextSecondary-63 MuiListItemText-secondary-148\\"><span class=\\"MuiTypography-root-30 MuiTypography-body1-39 css-zd063h e11fsc2k15\\">abc description</span></p></div></li><li class=\\"MuiListItem-root-132 MuiListItem-default-135 MuiListItem-gutters-140 MuiListItem-alignItemsFlexStart-137 css-11vba5x e11fsc2k13\\"><div class=\\"css-15496ft e11fsc2k5\\"><div class=\\"MuiAvatar-root-247 css-16dqgrp e11fsc2k6\\"><img alt=\\"Rose\\" src=\\"test avatar\\" class=\\"MuiAvatar-img-249\\"></div><span class=\\"css-eazh50 e11fsc2k4\\"><div class=\\"e11fsc2k3 css-16bvijn e1pneb170\\">Rose</div></span></div><span class=\\"css-1rxy2wf e11fsc2k0\\"><svg class=\\"e11fsc2k1 css-pqdkph ej4jd2o0\\"><title>Version</title><use xlink:href=\\"[object Object]#version\\"></use></svg>v1.0.1</span><span class=\\"css-1rxy2wf e11fsc2k0\\"><svg class=\\"e11fsc2k1 css-pqdkph ej4jd2o0\\"><title>Time</title><use xlink:href=\\"[object Object]#time\\"></use></svg><span class=\\"css-1dp07e1 e11fsc2k2\\">Published on 21.07.2018, 22:11:12 •</span>8 months ago</span></li></ul><hr class=\\"MuiDivider-root-250\\"><ul class=\\"MuiList-root-128 MuiList-padding-129 package css-jpnf4t e11fsc2k10\\"><li class=\\"MuiListItem-root-132 MuiListItem-default-135 MuiListItem-gutters-140 MuiListItem-alignItemsFlexStart-137\\"><div class=\\"MuiListItemText-root-144 package-link css-9dxxs7 e11fsc2k14\\" component=\\"div\\"><span class=\\"MuiTypography-root-30 MuiTypography-subheading-37 MuiListItemText-primary-147\\"><div class=\\"MuiGrid-container-150 MuiGrid-item-151 MuiGrid-grid-xs-12-190\\"><div class=\\"MuiGrid-item-151 MuiGrid-grid-xs-true-178\\"><a class=\\"css-1jgqs7g e11fsc2k7\\" href=\\"/-/web/detail/xyz\\"><span class=\\"css-10n8p5f e11fsc2k8\\">xyz</span></a></div><div class=\\"MuiGrid-item-151 MuiGrid-grid-xs-true-178 css-s168sa e11fsc2k9\\"></div></div></span><p class=\\"MuiTypography-root-30 MuiTypography-body1-39 MuiTypography-colorTextSecondary-63 MuiListItemText-secondary-148\\"><span class=\\"MuiTypography-root-30 MuiTypography-body1-39 css-zd063h e11fsc2k15\\">xyz description</span></p></div></li><li class=\\"MuiListItem-root-132 MuiListItem-default-135 MuiListItem-gutters-140 MuiListItem-alignItemsFlexStart-137 css-11vba5x e11fsc2k13\\"><div class=\\"css-15496ft e11fsc2k5\\"><div class=\\"MuiAvatar-root-247 css-16dqgrp e11fsc2k6\\"><img alt=\\"Martin\\" src=\\"test avatar\\" class=\\"MuiAvatar-img-249\\"></div><span class=\\"css-eazh50 e11fsc2k4\\"><div class=\\"e11fsc2k3 css-16bvijn e1pneb170\\">Martin</div></span></div><span class=\\"css-1rxy2wf e11fsc2k0\\"><svg class=\\"e11fsc2k1 css-pqdkph ej4jd2o0\\"><title>Version</title><use xlink:href=\\"[object Object]#version\\"></use></svg>v1.1.0</span></li></ul></div></div>"`;
